[2026-08-07T06:39:43.579Z] CRON: Cron Jobs Initialized
[2026-08-07T06:40:22.098Z] CRON: Cron Jobs Initialized
[2026-08-07T06:47:39.836Z] CRON: Cron Jobs Initialized
[2026-08-07T06:53:00.938Z] CRON: Cron Jobs Initialized
[2026-08-08T18:23:31.550Z] CRON: Cron Jobs Initialized
[2026-08-08T18:25:56.322Z] Login attempt started
[2026-08-08T18:25:56.324Z] Login request for: Gopal123
[2026-08-08T18:25:57.589Z] User found: Gopal Audichiy (Role: Driver)
[2026-08-08T18:25:57.827Z] Match debug: receivedPwdLen=10, dbHashStart=$2a$10$M5k, isMatch=true
[2026-08-08T18:25:57.829Z] Password matched
[2026-08-08T18:25:57.830Z] DEBUG: Company status in DB is: "active" (Normalized: "active")
[2026-08-08T18:25:59.293Z] DRIVER_CTRL: getDriverDashboard - User: 6993463109a83283ae7365ae, Company: 698ac8b01587e01651a49443
[2026-08-08T18:26:00.999Z] DRIVER_CTRL: getDriverDashboard - User: 6993463109a83283ae7365ae, Comp: 698ac8b01587e01651a49443, Found: 12 vehicles
[2026-08-08T18:26:02.214Z] DRIVER_CTRL: getDriverDashboard - Final Status: completed, Current Car: RJ-27-TA-9821
[2026-08-08T18:39:57.589Z] Login attempt started
[2026-08-08T18:39:57.592Z] Login request for: kailash123
[2026-08-08T18:39:58.745Z] User found: Kailash Bhatt (Role: Driver)
[2026-08-08T18:39:58.911Z] Match debug: receivedPwdLen=10, dbHashStart=$2a$10$.7n, isMatch=true
[2026-08-08T18:39:58.913Z] Password matched
[2026-08-08T18:39:58.914Z] DEBUG: Company status in DB is: "active" (Normalized: "active")
[2026-08-08T18:40:02.416Z] DRIVER_CTRL: getDriverDashboard - User: 699296b6a94eda1844b175db, Company: 698ac8b01587e01651a49443
[2026-08-08T18:40:03.045Z] DRIVER_CTRL: getDriverDashboard - User: 699296b6a94eda1844b175db, Comp: 698ac8b01587e01651a49443, Found: 12 vehicles
[2026-08-08T18:40:04.576Z] DRIVER_CTRL: getDriverDashboard - Final Status: approved, Current Car: RJ-27-TA-9836
[2026-08-08T19:39:01.308Z] CRON: Cron Jobs Initialized
[2026-08-08T19:39:30.932Z] Login attempt started
[2026-08-08T19:39:30.935Z] Login request for: Kavishuser1
[2026-08-08T19:39:32.461Z] User found: Yatree (Role: Admin)
[2026-08-08T19:39:32.695Z] Match debug: receivedPwdLen=11, dbHashStart=$2a$10$SZI, isMatch=true
[2026-08-08T19:39:32.699Z] Password matched
[2026-08-08T19:39:32.701Z] DEBUG: Company status in DB is: "active" (Normalized: "active")
[2026-08-08T19:54:07.329Z] CRON: Cron Jobs Initialized
[2026-08-08T20:13:16.880Z] CRON: Cron Jobs Initialized
[2026-08-08T20:27:21.429Z] Login attempt started
[2026-08-08T20:27:21.435Z] Login request for: Gopal123
[2026-08-08T20:27:21.700Z] User found: Gopal Audichiy (Role: Driver)
[2026-08-08T20:27:21.891Z] Match debug: receivedPwdLen=10, dbHashStart=$2a$10$M5k, isMatch=true
[2026-08-08T20:27:21.891Z] Password matched
[2026-08-08T20:27:21.892Z] DEBUG: Company status in DB is: "active" (Normalized: "active")
[2026-08-08T20:27:23.169Z] DRIVER_CTRL: getDriverDashboard - User: 6993463109a83283ae7365ae, Company: 698ac8b01587e01651a49443
[2026-08-08T20:27:23.313Z] DRIVER_CTRL: getDriverDashboard - User: 6993463109a83283ae7365ae, Comp: 698ac8b01587e01651a49443, Found: 12 vehicles
[2026-08-08T20:27:23.511Z] DRIVER_CTRL: getDriverDashboard - Final Status: approved, Current Car: RJ-27-TA-9821
[2026-08-08T20:30:19.169Z] Login attempt started
[2026-08-08T20:30:19.171Z] Login request for: Gopal123
[2026-08-08T20:30:19.872Z] User found: Gopal Audichiy (Role: Driver)
[2026-08-08T20:30:19.987Z] Match debug: receivedPwdLen=10, dbHashStart=$2a$10$M5k, isMatch=true
[2026-08-08T20:30:19.988Z] Password matched
[2026-08-08T20:30:19.990Z] DEBUG: Company status in DB is: "active" (Normalized: "active")
[2026-08-08T20:30:24.241Z] DRIVER_CTRL: getDriverDashboard - User: 6993463109a83283ae7365ae, Company: 698ac8b01587e01651a49443
[2026-08-08T20:30:25.157Z] DRIVER_CTRL: getDriverDashboard - User: 6993463109a83283ae7365ae, Comp: 698ac8b01587e01651a49443, Found: 12 vehicles
[2026-08-08T20:30:25.342Z] DRIVER_CTRL: getDriverDashboard - Final Status: approved, Current Car: RJ-27-TA-9821
[2026-08-08T20:30:54.557Z] DRIVER_CTRL: PunchIn - Start - KM: 123456, Vehicle: 6982efaa508a22188c618879
[2026-08-08T20:30:58.574Z] DRIVER_CTRL: getDriverDashboard - User: 6993463109a83283ae7365ae, Company: 698ac8b01587e01651a49443
[2026-08-08T20:30:58.985Z] DRIVER_CTRL: getDriverDashboard - User: 6993463109a83283ae7365ae, Comp: 698ac8b01587e01651a49443, Found: 12 vehicles
[2026-08-08T20:30:59.497Z] DRIVER_CTRL: getDriverDashboard - Final Status: active, Current Car: RJ-27-TA-9821
[2026-08-08T20:39:38.811Z] CRON: Cron Jobs Initialized
[2026-08-08T20:40:11.687Z] CRON: Cron Jobs Initialized
[2026-08-08T20:40:25.820Z] CRON: Cron Jobs Initialized
[2026-08-08T20:40:43.063Z] CRON: Cron Jobs Initialized
[2026-08-08T20:41:10.390Z] CRON: Cron Jobs Initialized
[2026-08-08T21:20:40.142Z] Login attempt started
[2026-08-08T21:20:40.145Z] Login request for: Gopal123
[2026-08-08T21:20:46.072Z] User found: Gopal Audichiy (Role: Driver)
[2026-08-08T21:20:46.302Z] Match debug: receivedPwdLen=10, dbHashStart=$2a$10$M5k, isMatch=true
[2026-08-08T21:20:46.304Z] Password matched
[2026-08-08T21:20:46.305Z] DEBUG: Company status in DB is: "active" (Normalized: "active")
[2026-08-08T21:20:47.436Z] DRIVER_CTRL: getDriverDashboard - User: 6993463109a83283ae7365ae, Company: 698ac8b01587e01651a49443
[2026-08-08T21:20:47.662Z] DRIVER_CTRL: getDriverDashboard - User: 6993463109a83283ae7365ae, Comp: 698ac8b01587e01651a49443, Found: 12 vehicles
[2026-08-08T21:20:48.018Z] DRIVER_CTRL: getDriverDashboard - Final Status: active, Current Car: RJ-27-TA-9821
[2026-08-08T21:21:30.459Z] DRIVER_CTRL: getDriverDashboard - User: 6993463109a83283ae7365ae, Company: 698ac8b01587e01651a49443
[2026-08-08T21:21:30.718Z] DRIVER_CTRL: getDriverDashboard - User: 6993463109a83283ae7365ae, Comp: 698ac8b01587e01651a49443, Found: 12 vehicles
[2026-08-08T21:21:31.086Z] DRIVER_CTRL: getDriverDashboard - Final Status: completed, Current Car: RJ-27-TA-9821
[2026-08-08T21:21:40.898Z] Login attempt started
[2026-08-08T21:21:40.900Z] Login request for: Kavishuser1
[2026-08-08T21:21:41.038Z] User found: Yatree (Role: Admin)
[2026-08-08T21:21:41.226Z] Match debug: receivedPwdLen=11, dbHashStart=$2a$10$SZI, isMatch=true
[2026-08-08T21:21:41.227Z] Password matched
[2026-08-08T21:21:41.229Z] DEBUG: Company status in DB is: "active" (Normalized: "active")
[2026-08-08T21:43:58.265Z] CRON: Cron Jobs Initialized
[2026-08-09T05:41:27.865Z] CRON: Cron Jobs Initialized
[2026-08-09T05:47:42.089Z] Login attempt started
[2026-08-09T05:47:42.090Z] Login request for: Kavishuser1
[2026-08-09T05:47:42.333Z] User found: Yatree (Role: Admin)
[2026-08-09T05:47:42.442Z] Match debug: receivedPwdLen=4, dbHashStart=$2a$10$SZI, isMatch=false
[2026-08-09T05:47:42.443Z] Invalid credentials
[2026-08-09T05:52:36.278Z] CRON: Cron Jobs Initialized
[2026-08-09T06:15:29.952Z] CRON: Cron Jobs Initialized
[2026-08-09T06:15:39.901Z] CRON: Cron Jobs Initialized
[2026-08-09T06:42:01.567Z] Login attempt started
[2026-08-09T06:42:01.570Z] Login request for: rahul123
[2026-08-09T06:42:02.062Z] Login failed: User [rahul123] not found in standard lookup.
[2026-08-09T06:42:08.866Z] Login attempt started
[2026-08-09T06:42:08.868Z] Login request for: rahul123
[2026-08-09T06:42:09.028Z] Login failed: User [rahul123] not found in standard lookup.
[2026-08-09T06:42:19.964Z] Login attempt started
[2026-08-09T06:42:19.966Z] Login request for: rahul123
[2026-08-09T06:42:20.074Z] Login failed: User [rahul123] not found in standard lookup.
[2026-08-09T06:42:31.594Z] Login attempt started
[2026-08-09T06:42:31.597Z] Login request for: @abhinandan
[2026-08-09T06:42:32.066Z] User found: System Admin (Role: SuperAdmin)
[2026-08-09T06:42:32.223Z] Match debug: receivedPwdLen=9, dbHashStart=$2a$10$/3i, isMatch=true
[2026-08-09T06:42:32.224Z] Password matched
[2026-08-09T06:42:32.224Z] DEBUG: Company status in DB is: "active" (Normalized: "active")
[2026-08-09T06:43:12.447Z] DEBUG: getAllVehicles - Query: {"$or":[{"company":"69fdbdb6dbc3334c91fb55eb"},{"company":"69fdbdb6dbc3334c91fb55eb"}],"isOutsideCar":{"$ne":true},"company":"69fdbdb6dbc3334c91fb55eb"}
[2026-08-13T05:40:05.565Z] CRON: Cron Jobs Initialized
[2026-08-13T05:41:11.122Z] CRON: Cron Jobs Initialized
[2026-08-13T05:43:44.523Z] CRON: Cron Jobs Initialized
[2026-08-13T05:44:10.924Z] Login attempt started
[2026-08-13T05:44:10.926Z] Login request for: Kavishuser1
[2026-08-13T05:44:11.137Z] User found: Yatree (Role: Admin)
[2026-08-13T05:44:11.380Z] Match debug: receivedPwdLen=11, dbHashStart=$2a$10$SZI, isMatch=true
[2026-08-13T05:44:11.383Z] Password matched
[2026-08-13T05:44:11.384Z] DEBUG: Company status in DB is: "active" (Normalized: "active")
[2026-08-13T05:44:31.389Z] DEBUG: getAllVehicles - Query: {"$or":[{"company":"698ac8b01587e01651a49443"},{"company":"698ac8b01587e01651a49443"}],"isOutsideCar":{"$ne":true},"company":"698ac8b01587e01651a49443","status":"active"}
[2026-08-13T05:44:31.661Z] DEBUG: getAllVehicles - Query: {"$or":[{"company":"698ac8b01587e01651a49443"},{"company":"698ac8b01587e01651a49443"}],"isOutsideCar":{"$ne":true},"company":"698ac8b01587e01651a49443","status":"active"}
[2026-08-13T05:46:32.347Z] CRON: Cron Jobs Initialized
[2026-08-13T05:46:51.213Z] CRON: Cron Jobs Initialized
[2026-08-13T05:47:17.818Z] CRON: Cron Jobs Initialized
[2026-08-13T05:48:02.018Z] CRON: Cron Jobs Initialized
[2026-08-13T05:48:58.990Z] CRON: Cron Jobs Initialized
[2026-08-13T05:49:07.965Z] CRON: Cron Jobs Initialized
[2026-08-13T05:50:17.679Z] DEBUG: getAllVehicles - Query: {"$or":[{"company":"698ac8b01587e01651a49443"},{"company":"698ac8b01587e01651a49443"}],"isOutsideCar":{"$ne":true},"company":"698ac8b01587e01651a49443","status":"active"}
[2026-08-13T05:50:17.986Z] DEBUG: getAllVehicles - Query: {"$or":[{"company":"698ac8b01587e01651a49443"},{"company":"698ac8b01587e01651a49443"}],"isOutsideCar":{"$ne":true},"company":"698ac8b01587e01651a49443","status":"active"}
[2026-08-13T05:51:06.772Z] CRON: Cron Jobs Initialized
[2026-08-13T05:52:00.632Z] CRON: Cron Jobs Initialized
[2026-08-13T05:52:52.165Z] DEBUG: getAllVehicles - Query: {"$or":[{"company":"698ac8b01587e01651a49443"},{"company":"698ac8b01587e01651a49443"}],"isOutsideCar":{"$ne":true},"company":"698ac8b01587e01651a49443","status":"active"}
[2026-08-13T05:55:31.259Z] CRON: Cron Jobs Initialized
[2026-08-13T05:56:00.113Z] CRON: Cron Jobs Initialized
[2026-08-13T06:02:55.280Z] DEBUG: getAllVehicles - Query: {"$or":[{"company":"698ac8b01587e01651a49443"},{"company":"698ac8b01587e01651a49443"}],"isOutsideCar":{"$ne":true},"company":"698ac8b01587e01651a49443","status":"active"}
[2026-08-13T06:03:09.511Z] DEBUG: getAllVehicles - Query: {"$or":[{"company":"698ac8b01587e01651a49443"},{"company":"698ac8b01587e01651a49443"}],"isOutsideCar":{"$ne":true},"company":"698ac8b01587e01651a49443","status":"active"}
[2026-08-13T06:03:23.542Z] DEBUG: getAllVehicles - Query: {"$or":[{"company":"698ac8b01587e01651a49443"},{"company":"698ac8b01587e01651a49443"}],"isOutsideCar":{"$ne":true},"company":"698ac8b01587e01651a49443","status":"active"}
[2026-08-13T06:03:40.847Z] DEBUG: getAllVehicles - Query: {"$or":[{"company":"698ac8b01587e01651a49443"},{"company":"698ac8b01587e01651a49443"}],"isOutsideCar":{"$ne":true},"company":"698ac8b01587e01651a49443","status":"active"}
[2026-08-13T06:03:57.130Z] DEBUG: getAllVehicles - Query: {"$or":[{"company":"698ac8b01587e01651a49443"},{"company":"698ac8b01587e01651a49443"}],"isOutsideCar":{"$ne":true},"company":"698ac8b01587e01651a49443","status":"active"}
[2026-08-13T06:04:13.181Z] DEBUG: getAllVehicles - Query: {"$or":[{"company":"698ac8b01587e01651a49443"},{"company":"698ac8b01587e01651a49443"}],"isOutsideCar":{"$ne":true},"company":"698ac8b01587e01651a49443","status":"active"}
[2026-08-13T06:04:26.725Z] DEBUG: getAllVehicles - Query: {"$or":[{"company":"698ac8b01587e01651a49443"},{"company":"698ac8b01587e01651a49443"}],"isOutsideCar":{"$ne":true},"company":"698ac8b01587e01651a49443","status":"active"}
[2026-08-13T06:04:40.344Z] DEBUG: getAllVehicles - Query: {"$or":[{"company":"698ac8b01587e01651a49443"},{"company":"698ac8b01587e01651a49443"}],"isOutsideCar":{"$ne":true},"company":"698ac8b01587e01651a49443","status":"active"}
[2026-08-13T06:06:16.606Z] DEBUG: getAllVehicles - Query: {"$or":[{"company":"698ac8b01587e01651a49443"},{"company":"698ac8b01587e01651a49443"}],"isOutsideCar":{"$ne":true},"company":"698ac8b01587e01651a49443","status":"active"}
[2026-08-13T06:08:07.304Z] DEBUG: getAllVehicles - Query: {"$or":[{"company":"698ac8b01587e01651a49443"},{"company":"698ac8b01587e01651a49443"}],"isOutsideCar":{"$ne":true},"company":"698ac8b01587e01651a49443","status":"active"}
[2026-08-13T06:08:28.105Z] DEBUG: getAllVehicles - Query: {"$or":[{"company":"698ac8b01587e01651a49443"},{"company":"698ac8b01587e01651a49443"}],"isOutsideCar":{"$ne":true},"company":"698ac8b01587e01651a49443","status":"active"}
[2026-08-13T06:10:01.071Z] DEBUG: getAllVehicles - Query: {"$or":[{"company":"698ac8b01587e01651a49443"},{"company":"698ac8b01587e01651a49443"}],"isOutsideCar":{"$ne":true},"company":"698ac8b01587e01651a49443","status":"active"}
[2026-08-13T06:10:57.648Z] DEBUG: getAllVehicles - Query: {"$or":[{"company":"698ac8b01587e01651a49443"},{"company":"698ac8b01587e01651a49443"}],"isOutsideCar":{"$ne":true},"company":"698ac8b01587e01651a49443","status":"active"}
[2026-08-13T06:11:13.159Z] DEBUG: getAllVehicles - Query: {"$or":[{"company":"698ac8b01587e01651a49443"},{"company":"698ac8b01587e01651a49443"}],"isOutsideCar":{"$ne":true},"company":"698ac8b01587e01651a49443","status":"active"}
[2026-08-13T06:11:55.851Z] DEBUG: getAllVehicles - Query: {"$or":[{"company":"698ac8b01587e01651a49443"},{"company":"698ac8b01587e01651a49443"}],"isOutsideCar":{"$ne":true},"company":"698ac8b01587e01651a49443","status":"active"}
[2026-08-13T06:12:01.087Z] DEBUG: getAllVehicles - Query: {"$or":[{"company":"698ac8b01587e01651a49443"},{"company":"698ac8b01587e01651a49443"}],"isOutsideCar":{"$ne":true},"company":"698ac8b01587e01651a49443","status":"active"}
[2026-08-13T06:12:03.325Z] DEBUG: getAllVehicles - Query: {"$or":[{"company":"698ac8b01587e01651a49443"},{"company":"698ac8b01587e01651a49443"}],"isOutsideCar":{"$ne":true},"company":"698ac8b01587e01651a49443"}
[2026-08-13T06:15:00.699Z] DEBUG: getAllVehicles - Query: {"$or":[{"company":"698ac8b01587e01651a49443"},{"company":"698ac8b01587e01651a49443"}],"isOutsideCar":{"$ne":true},"company":"698ac8b01587e01651a49443","status":"active"}
[2026-08-13T06:15:44.718Z] CRON: Cron Jobs Initialized
[2026-08-13T06:16:02.443Z] DEBUG: getAllVehicles - Query: {"$or":[{"company":"698ac8b01587e01651a49443"},{"company":"698ac8b01587e01651a49443"}],"isOutsideCar":{"$ne":true},"company":"698ac8b01587e01651a49443"}
[2026-08-13T06:16:58.914Z] CRON: Cron Jobs Initialized
[2026-08-13T06:18:27.472Z] CRON: Cron Jobs Initialized
[2026-08-13T06:18:54.193Z] CRON: Cron Jobs Initialized
[2026-08-13T06:20:14.059Z] DEBUG: getAllVehicles - Query: {"$or":[{"company":"698ac8b01587e01651a49443"},{"company":"698ac8b01587e01651a49443"}],"isOutsideCar":{"$ne":true},"company":"698ac8b01587e01651a49443","status":"active"}
[2026-08-13T06:21:03.465Z] DEBUG: getAllVehicles - Query: {"$or":[{"company":"698ac8b01587e01651a49443"},{"company":"698ac8b01587e01651a49443"}],"isOutsideCar":{"$ne":true},"company":"698ac8b01587e01651a49443","status":"active"}
[2026-08-13T06:22:12.895Z] DEBUG: getAllVehicles - Query: {"$or":[{"company":"698ac8b01587e01651a49443"},{"company":"698ac8b01587e01651a49443"}],"isOutsideCar":{"$ne":true},"company":"698ac8b01587e01651a49443","status":"active"}
[2026-08-13T06:22:13.172Z] DEBUG: getAllVehicles - Query: {"$or":[{"company":"698ac8b01587e01651a49443"},{"company":"698ac8b01587e01651a49443"}],"isOutsideCar":{"$ne":true},"company":"698ac8b01587e01651a49443","status":"active"}
[2026-08-13T06:22:20.188Z] DEBUG: getAllVehicles - Query: {"$or":[{"company":"698ac8b01587e01651a49443"},{"company":"698ac8b01587e01651a49443"}],"isOutsideCar":{"$ne":true},"company":"698ac8b01587e01651a49443","status":"active"}
[2026-08-13T06:22:20.361Z] DEBUG: getAllVehicles - Query: {"$or":[{"company":"698ac8b01587e01651a49443"},{"company":"698ac8b01587e01651a49443"}],"isOutsideCar":{"$ne":true},"company":"698ac8b01587e01651a49443","status":"active"}
[2026-08-13T06:22:22.595Z] DEBUG: getAllVehicles - Query: {"$or":[{"company":"698ac8b01587e01651a49443"},{"company":"698ac8b01587e01651a49443"}],"isOutsideCar":{"$ne":true},"company":"698ac8b01587e01651a49443","status":"active"}
[2026-08-13T06:22:25.565Z] DEBUG: getAllVehicles - Query: {"$or":[{"company":"698ac8b01587e01651a49443"},{"company":"698ac8b01587e01651a49443"}],"isOutsideCar":{"$ne":true},"company":"698ac8b01587e01651a49443","status":"active"}
[2026-08-13T06:22:31.875Z] DEBUG: getAllVehicles - Query: {"$or":[{"company":"698ac8b01587e01651a49443"},{"company":"698ac8b01587e01651a49443"}],"isOutsideCar":{"$ne":true},"company":"698ac8b01587e01651a49443","status":"active"}
[2026-08-13T06:22:31.882Z] DEBUG: getAllVehicles - Query: {"$or":[{"company":"698ac8b01587e01651a49443"},{"company":"698ac8b01587e01651a49443"}],"isOutsideCar":true,"company":"698ac8b01587e01651a49443","status":"active"}
[2026-08-13T06:22:31.889Z] DEBUG: getAllVehicles - Query: {"$or":[{"company":"698ac8b01587e01651a49443"},{"company":"698ac8b01587e01651a49443"}],"isOutsideCar":true,"createdAt":{"$gte":"2026-04-01T00:00:00.000Z","$lte":"2027-03-31T23:59:59.000Z"},"company":"698ac8b01587e01651a49443","status":"active"}
[2026-08-13T06:22:32.528Z] DEBUG: getAllVehicles - Query: {"$or":[{"company":"698ac8b01587e01651a49443"},{"company":"698ac8b01587e01651a49443"}],"isOutsideCar":{"$ne":true},"company":"698ac8b01587e01651a49443","status":"active"}
[2026-09-05T07:31:02.301Z] CRON: Cron Jobs Initialized
[2026-09-05T07:32:01.206Z] Login attempt started
[2026-09-05T07:32:01.210Z] Login request for: Kavishuser1
[2026-09-05T07:32:01.324Z] User found: Yatree (Role: Admin)
[2026-09-05T07:32:01.486Z] Match debug: receivedPwdLen=11, dbHashStart=$2a$10$SZI, isMatch=true
[2026-09-05T07:32:01.489Z] Password matched
[2026-09-05T07:32:01.490Z] DEBUG: Company status in DB is: "active" (Normalized: "active")
[2026-09-05T07:32:29.637Z] DEBUG: getAllVehicles - Query: {"$or":[{"company":"698ac8b01587e01651a49443"},{"company":"698ac8b01587e01651a49443"}],"isOutsideCar":true,"company":"698ac8b01587e01651a49443","status":"active"}
[2026-09-05T07:32:29.644Z] DEBUG: getAllVehicles - Query: {"$or":[{"company":"698ac8b01587e01651a49443"},{"company":"698ac8b01587e01651a49443"}],"isOutsideCar":{"$ne":true},"company":"698ac8b01587e01651a49443","status":"active"}
[2026-09-05T07:32:29.658Z] DEBUG: getAllVehicles - Query: {"$or":[{"company":"698ac8b01587e01651a49443"},{"company":"698ac8b01587e01651a49443"}],"isOutsideCar":true,"createdAt":{"$gte":"2026-04-01T00:00:00.000Z","$lte":"2027-03-31T23:59:59.000Z"},"company":"698ac8b01587e01651a49443","status":"active"}
[2026-09-05T07:32:30.628Z] DEBUG: getAllVehicles - Query: {"$or":[{"company":"698ac8b01587e01651a49443"},{"company":"698ac8b01587e01651a49443"}],"isOutsideCar":{"$ne":true},"company":"698ac8b01587e01651a49443","status":"active"}
[2026-09-05T07:32:30.767Z] DEBUG: getAllVehicles - Query: {"$or":[{"company":"698ac8b01587e01651a49443"},{"company":"698ac8b01587e01651a49443"}],"isOutsideCar":true,"createdAt":{"$gte":"2026-04-01T00:00:00.000Z","$lte":"2027-03-31T23:59:59.000Z"},"company":"698ac8b01587e01651a49443","status":"active"}
[2026-09-05T07:32:31.130Z] DEBUG: getAllVehicles - Query: {"$or":[{"company":"698ac8b01587e01651a49443"},{"company":"698ac8b01587e01651a49443"}],"isOutsideCar":{"$ne":true},"company":"698ac8b01587e01651a49443","status":"active"}
[2026-09-05T07:44:54.890Z] DEBUG: getAllVehicles - Query: {"$or":[{"company":"698ac8b01587e01651a49443"},{"company":"698ac8b01587e01651a49443"}],"isOutsideCar":{"$ne":true},"company":"698ac8b01587e01651a49443","status":"active"}
[2026-09-05T07:44:54.902Z] DEBUG: getAllVehicles - Query: {"$or":[{"company":"698ac8b01587e01651a49443"},{"company":"698ac8b01587e01651a49443"}],"isOutsideCar":true,"company":"698ac8b01587e01651a49443","status":"active"}
[2026-09-05T07:44:54.909Z] DEBUG: getAllVehicles - Query: {"$or":[{"company":"698ac8b01587e01651a49443"},{"company":"698ac8b01587e01651a49443"}],"isOutsideCar":true,"createdAt":{"$gte":"2026-04-01T00:00:00.000Z","$lte":"2027-03-31T23:59:59.000Z"},"company":"698ac8b01587e01651a49443","status":"active"}
[2026-09-05T07:44:55.161Z] DEBUG: getAllVehicles - Query: {"$or":[{"company":"698ac8b01587e01651a49443"},{"company":"698ac8b01587e01651a49443"}],"isOutsideCar":{"$ne":true},"company":"698ac8b01587e01651a49443","status":"active"}
[2026-09-05T07:55:46.520Z] CRON: Cron Jobs Initialized
[2026-09-05T07:56:39.410Z] Login attempt started
[2026-09-05T07:56:39.412Z] Login request for: Kavishuser1
[2026-09-05T07:56:39.636Z] User found: Yatree (Role: Admin)
[2026-09-05T07:56:39.855Z] Match debug: receivedPwdLen=11, dbHashStart=$2a$10$SZI, isMatch=true
[2026-09-05T07:56:39.858Z] Password matched
[2026-09-05T07:56:39.859Z] DEBUG: Company status in DB is: "active" (Normalized: "active")
[2026-09-05T07:56:48.327Z] DEBUG: getAllVehicles - Query: {"$or":[{"company":"698ac8b01587e01651a49443"},{"company":"698ac8b01587e01651a49443"}],"isOutsideCar":{"$ne":true},"company":"698ac8b01587e01651a49443","status":"active"}
[2026-09-05T07:56:48.333Z] DEBUG: getAllVehicles - Query: {"$or":[{"company":"698ac8b01587e01651a49443"},{"company":"698ac8b01587e01651a49443"}],"isOutsideCar":true,"company":"698ac8b01587e01651a49443","status":"active"}
[2026-09-05T07:56:48.340Z] DEBUG: getAllVehicles - Query: {"$or":[{"company":"698ac8b01587e01651a49443"},{"company":"698ac8b01587e01651a49443"}],"isOutsideCar":true,"createdAt":{"$gte":"2026-04-01T00:00:00.000Z","$lte":"2027-03-31T23:59:59.000Z"},"company":"698ac8b01587e01651a49443","status":"active"}
[2026-09-05T07:56:48.903Z] DEBUG: getAllVehicles - Query: {"$or":[{"company":"698ac8b01587e01651a49443"},{"company":"698ac8b01587e01651a49443"}],"isOutsideCar":{"$ne":true},"company":"698ac8b01587e01651a49443","status":"active"}
[2026-09-05T07:56:51.349Z] DEBUG: getAllVehicles - Query: {"$or":[{"company":"698ac8b01587e01651a49443"},{"company":"698ac8b01587e01651a49443"}],"isOutsideCar":true,"createdAt":{"$gte":"2026-04-01T00:00:00.000Z","$lte":"2027-03-31T23:59:59.000Z"},"company":"698ac8b01587e01651a49443","status":"active"}
[2026-09-05T07:56:51.372Z] DEBUG: getAllVehicles - Query: {"$or":[{"company":"698ac8b01587e01651a49443"},{"company":"698ac8b01587e01651a49443"}],"isOutsideCar":{"$ne":true},"company":"698ac8b01587e01651a49443","status":"active"}
[2026-09-07T07:13:55.196Z] CRON: Cron Jobs Initialized
[2026-09-07T07:15:07.314Z] Login attempt started
[2026-09-07T07:15:07.315Z] Login request for: Kavishuser1
[2026-09-07T07:15:07.439Z] User found: Yatree (Role: Admin)
[2026-09-07T07:15:07.614Z] Match debug: receivedPwdLen=11, dbHashStart=$2a$10$SZI, isMatch=true
[2026-09-07T07:15:07.616Z] Password matched
[2026-09-07T07:15:07.617Z] DEBUG: Company status in DB is: "active" (Normalized: "active")
[2026-09-07T07:15:23.289Z] DEBUG: getAllVehicles - Query: {"$or":[{"company":"698ac8b01587e01651a49443"},{"company":"698ac8b01587e01651a49443"}],"isOutsideCar":true,"company":"698ac8b01587e01651a49443","status":"active"}
[2026-09-07T07:15:23.297Z] DEBUG: getAllVehicles - Query: {"$or":[{"company":"698ac8b01587e01651a49443"},{"company":"698ac8b01587e01651a49443"}],"isOutsideCar":{"$ne":true},"company":"698ac8b01587e01651a49443","status":"active"}
[2026-09-07T07:15:23.309Z] DEBUG: getAllVehicles - Query: {"$or":[{"company":"698ac8b01587e01651a49443"},{"company":"698ac8b01587e01651a49443"}],"isOutsideCar":true,"createdAt":{"$gte":"2026-04-01T00:00:00.000Z","$lte":"2027-03-31T23:59:59.000Z"},"company":"698ac8b01587e01651a49443","status":"active"}
[2026-09-07T07:15:24.440Z] DEBUG: getAllVehicles - Query: {"$or":[{"company":"698ac8b01587e01651a49443"},{"company":"698ac8b01587e01651a49443"}],"isOutsideCar":{"$ne":true},"company":"698ac8b01587e01651a49443","status":"active"}
[2026-09-07T07:15:28.077Z] DEBUG: getAllVehicles - Query: {"$or":[{"company":"698ac8b01587e01651a49443"},{"company":"698ac8b01587e01651a49443"}],"isOutsideCar":true,"createdAt":{"$gte":"2026-04-01T00:00:00.000Z","$lte":"2027-03-31T23:59:59.000Z"},"company":"698ac8b01587e01651a49443","status":"active"}
[2026-09-07T07:15:28.084Z] DEBUG: getAllVehicles - Query: {"$or":[{"company":"698ac8b01587e01651a49443"},{"company":"698ac8b01587e01651a49443"}],"isOutsideCar":{"$ne":true},"company":"698ac8b01587e01651a49443","status":"active"}
[2026-09-07T07:24:11.928Z] DEBUG: getAllVehicles - Query: {"$or":[{"company":"698ac8b01587e01651a49443"},{"company":"698ac8b01587e01651a49443"}],"isOutsideCar":true,"createdAt":{"$gte":"2026-04-01T00:00:00.000Z","$lte":"2027-03-31T23:59:59.000Z"},"company":"698ac8b01587e01651a49443","status":"active"}
[2026-09-07T07:24:11.934Z] DEBUG: getAllVehicles - Query: {"$or":[{"company":"698ac8b01587e01651a49443"},{"company":"698ac8b01587e01651a49443"}],"isOutsideCar":{"$ne":true},"company":"698ac8b01587e01651a49443","status":"active"}
[2026-09-07T07:25:48.901Z] DEBUG: getAllVehicles - Query: {"$or":[{"company":"698ac8b01587e01651a49443"},{"company":"698ac8b01587e01651a49443"}],"isOutsideCar":true,"createdAt":{"$gte":"2026-04-01T00:00:00.000Z","$lte":"2027-03-31T23:59:59.000Z"},"company":"698ac8b01587e01651a49443","status":"active"}
[2026-09-07T07:25:48.905Z] DEBUG: getAllVehicles - Query: {"$or":[{"company":"698ac8b01587e01651a49443"},{"company":"698ac8b01587e01651a49443"}],"isOutsideCar":{"$ne":true},"company":"698ac8b01587e01651a49443","status":"active"}
[2026-09-07T07:27:22.398Z] CRON: Cron Jobs Initialized
[2026-09-07T07:35:20.003Z] CRON: Cron Jobs Initialized
[2026-09-07T07:35:33.828Z] CRON: Cron Jobs Initialized
[2026-09-07T07:35:40.667Z] CRON: Cron Jobs Initialized
[2026-09-07T07:35:51.795Z] CRON: Cron Jobs Initialized
[2026-09-07T07:36:10.273Z] CRON: Cron Jobs Initialized
[2026-09-07T07:36:21.336Z] CRON: Cron Jobs Initialized
[2026-09-07T07:36:27.248Z] CRON: Cron Jobs Initialized
[2026-09-07T07:36:34.806Z] CRON: Cron Jobs Initialized
[2026-09-07T07:36:42.882Z] CRON: Cron Jobs Initialized
[2026-09-07T07:36:52.285Z] CRON: Cron Jobs Initialized
[2026-09-07T07:41:05.528Z] CRON: Cron Jobs Initialized
[2026-09-07T07:41:45.291Z] CRON: Cron Jobs Initialized
[2026-09-07T07:42:10.295Z] CRON: Cron Jobs Initialized
[2026-09-07T07:42:14.225Z] CRON: Cron Jobs Initialized
[2026-09-07T07:42:26.555Z] CRON: Cron Jobs Initialized
[2026-09-07T07:42:37.457Z] CRON: Cron Jobs Initialized
[2026-09-07T07:43:00.264Z] CRON: Cron Jobs Initialized
[2026-09-07T07:43:36.814Z] CRON: Cron Jobs Initialized
[2026-09-07T07:46:07.970Z] Login attempt started
[2026-09-07T07:46:07.972Z] Login request for: Kavishuser1
[2026-09-07T07:46:08.049Z] User found: Yatree (Role: Admin)
[2026-09-07T07:46:08.179Z] Match debug: receivedPwdLen=11, dbHashStart=$2a$10$SZI, isMatch=true
[2026-09-07T07:46:08.180Z] Password matched
[2026-09-07T07:46:08.181Z] DEBUG: Company status in DB is: "active" (Normalized: "active")
[2026-09-07T07:46:31.704Z] DEBUG: getAllVehicles - Query: {"$or":[{"company":"698ac8b01587e01651a49443"},{"company":"698ac8b01587e01651a49443"}],"isOutsideCar":{"$ne":true},"company":"698ac8b01587e01651a49443","status":"active"}
[2026-09-07T07:49:27.190Z] CRON: Cron Jobs Initialized
[2026-09-07T07:52:39.161Z] DEBUG: getAllVehicles - Query: {"$or":[{"company":"698ac8b01587e01651a49443"},{"company":"698ac8b01587e01651a49443"}],"isOutsideCar":{"$ne":true},"company":"698ac8b01587e01651a49443","status":"active"}
[2026-09-07T08:02:01.167Z] CRON: Cron Jobs Initialized
[2026-09-07T08:02:12.065Z] CRON: Cron Jobs Initialized
[2026-09-07T08:02:32.179Z] DEBUG: getAllVehicles - Query: {"$or":[{"company":"698ac8b01587e01651a49443"},{"company":"698ac8b01587e01651a49443"}],"isOutsideCar":{"$ne":true},"company":"698ac8b01587e01651a49443","status":"active"}
[2026-09-07T08:02:39.128Z] DEBUG: getAllVehicles - Query: {"$or":[{"company":"698ac8b01587e01651a49443"},{"company":"698ac8b01587e01651a49443"}],"isOutsideCar":{"$ne":true},"company":"698ac8b01587e01651a49443","status":"active"}
[2026-09-07T08:04:44.884Z] GLOBAL_ERROR: Not Found - /api/leads/company/698ac8b01587e01651a49443 - Stack: Error: Not Found - /api/leads/company/698ac8b01587e01651a49443
    at notFound (E:\New folder\Master-Server\TEXI\yatree-backend\src\middleware\errorMiddleware.js:2:19)
    at Layer.handle [as handle_request] (E:\New folder\Master-Server\TEXI\yatree-backend\node_modules\express\lib\router\layer.js:95:5)
    at trim_prefix (E:\New folder\Master-Server\TEXI\yatree-backend\node_modules\express\lib\router\index.js:328:13)
    at E:\New folder\Master-Server\TEXI\yatree-backend\node_modules\express\lib\router\index.js:286:9
    at Function.process_params (E:\New folder\Master-Server\TEXI\yatree-backend\node_modules\express\lib\router\index.js:346:12)
    at next (E:\New folder\Master-Server\TEXI\yatree-backend\node_modules\express\lib\router\index.js:280:10)
    at next (E:\New folder\Master-Server\TEXI\yatree-backend\node_modules\express\lib\router\route.js:141:14)
    at E:\New folder\Master-Server\TEXI\yatree-backend\src\app.js:127:16
    at Layer.handle [as handle_request] (E:\New folder\Master-Server\TEXI\yatree-backend\node_modules\express\lib\router\layer.js:95:5)
    at next (E:\New folder\Master-Server\TEXI\yatree-backend\node_modules\express\lib\router\route.js:149:13)
[2026-09-07T08:04:44.887Z] DEBUG: getAllVehicles - Query: {"$or":[{"company":"698ac8b01587e01651a49443"},{"company":"698ac8b01587e01651a49443"}],"isOutsideCar":{"$ne":true},"company":"698ac8b01587e01651a49443","status":"active"}
[2026-09-07T08:05:35.985Z] DEBUG: getAllVehicles - Query: {"$or":[{"company":"698ac8b01587e01651a49443"},{"company":"698ac8b01587e01651a49443"}],"isOutsideCar":{"$ne":true},"company":"698ac8b01587e01651a49443","status":"active"}
[2026-09-07T08:05:35.992Z] GLOBAL_ERROR: Not Found - /api/leads/company/698ac8b01587e01651a49443 - Stack: Error: Not Found - /api/leads/company/698ac8b01587e01651a49443
    at notFound (E:\New folder\Master-Server\TEXI\yatree-backend\src\middleware\errorMiddleware.js:2:19)
    at Layer.handle [as handle_request] (E:\New folder\Master-Server\TEXI\yatree-backend\node_modules\express\lib\router\layer.js:95:5)
    at trim_prefix (E:\New folder\Master-Server\TEXI\yatree-backend\node_modules\express\lib\router\index.js:328:13)
    at E:\New folder\Master-Server\TEXI\yatree-backend\node_modules\express\lib\router\index.js:286:9
    at Function.process_params (E:\New folder\Master-Server\TEXI\yatree-backend\node_modules\express\lib\router\index.js:346:12)
    at next (E:\New folder\Master-Server\TEXI\yatree-backend\node_modules\express\lib\router\index.js:280:10)
    at next (E:\New folder\Master-Server\TEXI\yatree-backend\node_modules\express\lib\router\route.js:141:14)
    at E:\New folder\Master-Server\TEXI\yatree-backend\src\app.js:127:16
    at Layer.handle [as handle_request] (E:\New folder\Master-Server\TEXI\yatree-backend\node_modules\express\lib\router\layer.js:95:5)
    at next (E:\New folder\Master-Server\TEXI\yatree-backend\node_modules\express\lib\router\route.js:149:13)
[2026-09-07T08:07:48.127Z] DEBUG: getAllVehicles - Query: {"$or":[{"company":"698ac8b01587e01651a49443"},{"company":"698ac8b01587e01651a49443"}],"isOutsideCar":{"$ne":true},"company":"698ac8b01587e01651a49443","status":"active"}
[2026-09-07T08:07:48.133Z] GLOBAL_ERROR: Not Found - /api/leads/company/698ac8b01587e01651a49443 - Stack: Error: Not Found - /api/leads/company/698ac8b01587e01651a49443
    at notFound (E:\New folder\Master-Server\TEXI\yatree-backend\src\middleware\errorMiddleware.js:2:19)
    at Layer.handle [as handle_request] (E:\New folder\Master-Server\TEXI\yatree-backend\node_modules\express\lib\router\layer.js:95:5)
    at trim_prefix (E:\New folder\Master-Server\TEXI\yatree-backend\node_modules\express\lib\router\index.js:328:13)
    at E:\New folder\Master-Server\TEXI\yatree-backend\node_modules\express\lib\router\index.js:286:9
    at Function.process_params (E:\New folder\Master-Server\TEXI\yatree-backend\node_modules\express\lib\router\index.js:346:12)
    at next (E:\New folder\Master-Server\TEXI\yatree-backend\node_modules\express\lib\router\index.js:280:10)
    at next (E:\New folder\Master-Server\TEXI\yatree-backend\node_modules\express\lib\router\route.js:141:14)
    at E:\New folder\Master-Server\TEXI\yatree-backend\src\app.js:127:16
    at Layer.handle [as handle_request] (E:\New folder\Master-Server\TEXI\yatree-backend\node_modules\express\lib\router\layer.js:95:5)
    at next (E:\New folder\Master-Server\TEXI\yatree-backend\node_modules\express\lib\router\route.js:149:13)
[2026-09-07T08:08:01.133Z] DEBUG: getAllVehicles - Query: {"$or":[{"company":"698ac8b01587e01651a49443"},{"company":"698ac8b01587e01651a49443"}],"isOutsideCar":{"$ne":true},"company":"698ac8b01587e01651a49443","status":"active"}
[2026-09-07T08:08:01.142Z] GLOBAL_ERROR: Not Found - /api/leads/company/698ac8b01587e01651a49443 - Stack: Error: Not Found - /api/leads/company/698ac8b01587e01651a49443
    at notFound (E:\New folder\Master-Server\TEXI\yatree-backend\src\middleware\errorMiddleware.js:2:19)
    at Layer.handle [as handle_request] (E:\New folder\Master-Server\TEXI\yatree-backend\node_modules\express\lib\router\layer.js:95:5)
    at trim_prefix (E:\New folder\Master-Server\TEXI\yatree-backend\node_modules\express\lib\router\index.js:328:13)
    at E:\New folder\Master-Server\TEXI\yatree-backend\node_modules\express\lib\router\index.js:286:9
    at Function.process_params (E:\New folder\Master-Server\TEXI\yatree-backend\node_modules\express\lib\router\index.js:346:12)
    at next (E:\New folder\Master-Server\TEXI\yatree-backend\node_modules\express\lib\router\index.js:280:10)
    at next (E:\New folder\Master-Server\TEXI\yatree-backend\node_modules\express\lib\router\route.js:141:14)
    at E:\New folder\Master-Server\TEXI\yatree-backend\src\app.js:127:16
    at Layer.handle [as handle_request] (E:\New folder\Master-Server\TEXI\yatree-backend\node_modules\express\lib\router\layer.js:95:5)
    at next (E:\New folder\Master-Server\TEXI\yatree-backend\node_modules\express\lib\router\route.js:149:13)
[2026-09-07T08:08:07.150Z] DEBUG: getAllVehicles - Query: {"$or":[{"company":"698ac8b01587e01651a49443"},{"company":"698ac8b01587e01651a49443"}],"isOutsideCar":{"$ne":true},"company":"698ac8b01587e01651a49443","status":"active"}
[2026-09-07T08:08:07.154Z] GLOBAL_ERROR: Not Found - /api/leads/company/698ac8b01587e01651a49443 - Stack: Error: Not Found - /api/leads/company/698ac8b01587e01651a49443
    at notFound (E:\New folder\Master-Server\TEXI\yatree-backend\src\middleware\errorMiddleware.js:2:19)
    at Layer.handle [as handle_request] (E:\New folder\Master-Server\TEXI\yatree-backend\node_modules\express\lib\router\layer.js:95:5)
    at trim_prefix (E:\New folder\Master-Server\TEXI\yatree-backend\node_modules\express\lib\router\index.js:328:13)
    at E:\New folder\Master-Server\TEXI\yatree-backend\node_modules\express\lib\router\index.js:286:9
    at Function.process_params (E:\New folder\Master-Server\TEXI\yatree-backend\node_modules\express\lib\router\index.js:346:12)
    at next (E:\New folder\Master-Server\TEXI\yatree-backend\node_modules\express\lib\router\index.js:280:10)
    at next (E:\New folder\Master-Server\TEXI\yatree-backend\node_modules\express\lib\router\route.js:141:14)
    at E:\New folder\Master-Server\TEXI\yatree-backend\src\app.js:127:16
    at Layer.handle [as handle_request] (E:\New folder\Master-Server\TEXI\yatree-backend\node_modules\express\lib\router\layer.js:95:5)
    at next (E:\New folder\Master-Server\TEXI\yatree-backend\node_modules\express\lib\router\route.js:149:13)
[2026-09-07T08:08:48.383Z] CRON: Cron Jobs Initialized
[2026-09-07T08:10:43.813Z] DEBUG: getAllVehicles - Query: {"$or":[{"company":"698ac8b01587e01651a49443"},{"company":"698ac8b01587e01651a49443"}],"isOutsideCar":{"$ne":true},"company":"698ac8b01587e01651a49443","status":"active"}
[2026-09-07T08:10:43.843Z] GLOBAL_ERROR: Not Found - /api/leads/company/698ac8b01587e01651a49443 - Stack: Error: Not Found - /api/leads/company/698ac8b01587e01651a49443
    at notFound (E:\New folder\Master-Server\TEXI\yatree-backend\src\middleware\errorMiddleware.js:2:19)
    at Layer.handle [as handle_request] (E:\New folder\Master-Server\TEXI\yatree-backend\node_modules\express\lib\router\layer.js:95:5)
    at trim_prefix (E:\New folder\Master-Server\TEXI\yatree-backend\node_modules\express\lib\router\index.js:328:13)
    at E:\New folder\Master-Server\TEXI\yatree-backend\node_modules\express\lib\router\index.js:286:9
    at Function.process_params (E:\New folder\Master-Server\TEXI\yatree-backend\node_modules\express\lib\router\index.js:346:12)
    at next (E:\New folder\Master-Server\TEXI\yatree-backend\node_modules\express\lib\router\index.js:280:10)
    at next (E:\New folder\Master-Server\TEXI\yatree-backend\node_modules\express\lib\router\route.js:141:14)
    at E:\New folder\Master-Server\TEXI\yatree-backend\src\app.js:127:16
    at Layer.handle [as handle_request] (E:\New folder\Master-Server\TEXI\yatree-backend\node_modules\express\lib\router\layer.js:95:5)
    at next (E:\New folder\Master-Server\TEXI\yatree-backend\node_modules\express\lib\router\route.js:149:13)
[2026-09-07T08:10:49.964Z] DEBUG: getAllVehicles - Query: {"$or":[{"company":"698ac8b01587e01651a49443"},{"company":"698ac8b01587e01651a49443"}],"isOutsideCar":{"$ne":true},"company":"698ac8b01587e01651a49443","status":"active"}
[2026-09-07T08:10:49.990Z] GLOBAL_ERROR: Not Found - /api/leads/company/698ac8b01587e01651a49443 - Stack: Error: Not Found - /api/leads/company/698ac8b01587e01651a49443
    at notFound (E:\New folder\Master-Server\TEXI\yatree-backend\src\middleware\errorMiddleware.js:2:19)
    at Layer.handle [as handle_request] (E:\New folder\Master-Server\TEXI\yatree-backend\node_modules\express\lib\router\layer.js:95:5)
    at trim_prefix (E:\New folder\Master-Server\TEXI\yatree-backend\node_modules\express\lib\router\index.js:328:13)
    at E:\New folder\Master-Server\TEXI\yatree-backend\node_modules\express\lib\router\index.js:286:9
    at Function.process_params (E:\New folder\Master-Server\TEXI\yatree-backend\node_modules\express\lib\router\index.js:346:12)
    at next (E:\New folder\Master-Server\TEXI\yatree-backend\node_modules\express\lib\router\index.js:280:10)
    at next (E:\New folder\Master-Server\TEXI\yatree-backend\node_modules\express\lib\router\route.js:141:14)
    at E:\New folder\Master-Server\TEXI\yatree-backend\src\app.js:127:16
    at Layer.handle [as handle_request] (E:\New folder\Master-Server\TEXI\yatree-backend\node_modules\express\lib\router\layer.js:95:5)
    at next (E:\New folder\Master-Server\TEXI\yatree-backend\node_modules\express\lib\router\route.js:149:13)
[2026-09-07T08:10:51.258Z] DEBUG: getAllVehicles - Query: {"$or":[{"company":"698ac8b01587e01651a49443"},{"company":"698ac8b01587e01651a49443"}],"isOutsideCar":{"$ne":true},"company":"698ac8b01587e01651a49443","status":"active"}
[2026-09-07T08:10:51.275Z] GLOBAL_ERROR: Not Found - /api/leads/company/698ac8b01587e01651a49443 - Stack: Error: Not Found - /api/leads/company/698ac8b01587e01651a49443
    at notFound (E:\New folder\Master-Server\TEXI\yatree-backend\src\middleware\errorMiddleware.js:2:19)
    at Layer.handle [as handle_request] (E:\New folder\Master-Server\TEXI\yatree-backend\node_modules\express\lib\router\layer.js:95:5)
    at trim_prefix (E:\New folder\Master-Server\TEXI\yatree-backend\node_modules\express\lib\router\index.js:328:13)
    at E:\New folder\Master-Server\TEXI\yatree-backend\node_modules\express\lib\router\index.js:286:9
    at Function.process_params (E:\New folder\Master-Server\TEXI\yatree-backend\node_modules\express\lib\router\index.js:346:12)
    at next (E:\New folder\Master-Server\TEXI\yatree-backend\node_modules\express\lib\router\index.js:280:10)
    at next (E:\New folder\Master-Server\TEXI\yatree-backend\node_modules\express\lib\router\route.js:141:14)
    at E:\New folder\Master-Server\TEXI\yatree-backend\src\app.js:127:16
    at Layer.handle [as handle_request] (E:\New folder\Master-Server\TEXI\yatree-backend\node_modules\express\lib\router\layer.js:95:5)
    at next (E:\New folder\Master-Server\TEXI\yatree-backend\node_modules\express\lib\router\route.js:149:13)
[2026-09-07T08:10:51.733Z] DEBUG: getAllVehicles - Query: {"$or":[{"company":"698ac8b01587e01651a49443"},{"company":"698ac8b01587e01651a49443"}],"isOutsideCar":{"$ne":true},"company":"698ac8b01587e01651a49443","status":"active"}
[2026-09-07T08:10:51.755Z] GLOBAL_ERROR: Not Found - /api/leads/company/698ac8b01587e01651a49443 - Stack: Error: Not Found - /api/leads/company/698ac8b01587e01651a49443
    at notFound (E:\New folder\Master-Server\TEXI\yatree-backend\src\middleware\errorMiddleware.js:2:19)
    at Layer.handle [as handle_request] (E:\New folder\Master-Server\TEXI\yatree-backend\node_modules\express\lib\router\layer.js:95:5)
    at trim_prefix (E:\New folder\Master-Server\TEXI\yatree-backend\node_modules\express\lib\router\index.js:328:13)
    at E:\New folder\Master-Server\TEXI\yatree-backend\node_modules\express\lib\router\index.js:286:9
    at Function.process_params (E:\New folder\Master-Server\TEXI\yatree-backend\node_modules\express\lib\router\index.js:346:12)
    at next (E:\New folder\Master-Server\TEXI\yatree-backend\node_modules\express\lib\router\index.js:280:10)
    at next (E:\New folder\Master-Server\TEXI\yatree-backend\node_modules\express\lib\router\route.js:141:14)
    at E:\New folder\Master-Server\TEXI\yatree-backend\src\app.js:127:16
    at Layer.handle [as handle_request] (E:\New folder\Master-Server\TEXI\yatree-backend\node_modules\express\lib\router\layer.js:95:5)
    at next (E:\New folder\Master-Server\TEXI\yatree-backend\node_modules\express\lib\router\route.js:149:13)
[2026-09-07T08:10:52.311Z] DEBUG: getAllVehicles - Query: {"$or":[{"company":"698ac8b01587e01651a49443"},{"company":"698ac8b01587e01651a49443"}],"isOutsideCar":{"$ne":true},"company":"698ac8b01587e01651a49443","status":"active"}
[2026-09-07T08:10:52.360Z] GLOBAL_ERROR: Not Found - /api/leads/company/698ac8b01587e01651a49443 - Stack: Error: Not Found - /api/leads/company/698ac8b01587e01651a49443
    at notFound (E:\New folder\Master-Server\TEXI\yatree-backend\src\middleware\errorMiddleware.js:2:19)
    at Layer.handle [as handle_request] (E:\New folder\Master-Server\TEXI\yatree-backend\node_modules\express\lib\router\layer.js:95:5)
    at trim_prefix (E:\New folder\Master-Server\TEXI\yatree-backend\node_modules\express\lib\router\index.js:328:13)
    at E:\New folder\Master-Server\TEXI\yatree-backend\node_modules\express\lib\router\index.js:286:9
    at Function.process_params (E:\New folder\Master-Server\TEXI\yatree-backend\node_modules\express\lib\router\index.js:346:12)
    at next (E:\New folder\Master-Server\TEXI\yatree-backend\node_modules\express\lib\router\index.js:280:10)
    at next (E:\New folder\Master-Server\TEXI\yatree-backend\node_modules\express\lib\router\route.js:141:14)
    at E:\New folder\Master-Server\TEXI\yatree-backend\src\app.js:127:16
    at Layer.handle [as handle_request] (E:\New folder\Master-Server\TEXI\yatree-backend\node_modules\express\lib\router\layer.js:95:5)
    at next (E:\New folder\Master-Server\TEXI\yatree-backend\node_modules\express\lib\router\route.js:149:13)
[2026-09-07T08:11:23.407Z] DEBUG: getAllVehicles - Query: {"$or":[{"company":"698ac8b01587e01651a49443"},{"company":"698ac8b01587e01651a49443"}],"isOutsideCar":{"$ne":true},"company":"698ac8b01587e01651a49443","status":"active"}
[2026-09-07T08:11:23.430Z] GLOBAL_ERROR: Not Found - /api/leads/company/698ac8b01587e01651a49443 - Stack: Error: Not Found - /api/leads/company/698ac8b01587e01651a49443
    at notFound (E:\New folder\Master-Server\TEXI\yatree-backend\src\middleware\errorMiddleware.js:2:19)
    at Layer.handle [as handle_request] (E:\New folder\Master-Server\TEXI\yatree-backend\node_modules\express\lib\router\layer.js:95:5)
    at trim_prefix (E:\New folder\Master-Server\TEXI\yatree-backend\node_modules\express\lib\router\index.js:328:13)
    at E:\New folder\Master-Server\TEXI\yatree-backend\node_modules\express\lib\router\index.js:286:9
    at Function.process_params (E:\New folder\Master-Server\TEXI\yatree-backend\node_modules\express\lib\router\index.js:346:12)
    at next (E:\New folder\Master-Server\TEXI\yatree-backend\node_modules\express\lib\router\index.js:280:10)
    at next (E:\New folder\Master-Server\TEXI\yatree-backend\node_modules\express\lib\router\route.js:141:14)
    at E:\New folder\Master-Server\TEXI\yatree-backend\src\app.js:127:16
    at Layer.handle [as handle_request] (E:\New folder\Master-Server\TEXI\yatree-backend\node_modules\express\lib\router\layer.js:95:5)
    at next (E:\New folder\Master-Server\TEXI\yatree-backend\node_modules\express\lib\router\route.js:149:13)
[2026-09-07T08:11:26.472Z] DEBUG: getAllVehicles - Query: {"$or":[{"company":"698ac8b01587e01651a49443"},{"company":"698ac8b01587e01651a49443"}],"isOutsideCar":{"$ne":true},"company":"698ac8b01587e01651a49443","status":"active"}
[2026-09-07T08:11:26.504Z] GLOBAL_ERROR: Not Found - /api/leads/company/698ac8b01587e01651a49443 - Stack: Error: Not Found - /api/leads/company/698ac8b01587e01651a49443
    at notFound (E:\New folder\Master-Server\TEXI\yatree-backend\src\middleware\errorMiddleware.js:2:19)
    at Layer.handle [as handle_request] (E:\New folder\Master-Server\TEXI\yatree-backend\node_modules\express\lib\router\layer.js:95:5)
    at trim_prefix (E:\New folder\Master-Server\TEXI\yatree-backend\node_modules\express\lib\router\index.js:328:13)
    at E:\New folder\Master-Server\TEXI\yatree-backend\node_modules\express\lib\router\index.js:286:9
    at Function.process_params (E:\New folder\Master-Server\TEXI\yatree-backend\node_modules\express\lib\router\index.js:346:12)
    at next (E:\New folder\Master-Server\TEXI\yatree-backend\node_modules\express\lib\router\index.js:280:10)
    at next (E:\New folder\Master-Server\TEXI\yatree-backend\node_modules\express\lib\router\route.js:141:14)
    at E:\New folder\Master-Server\TEXI\yatree-backend\src\app.js:127:16
    at Layer.handle [as handle_request] (E:\New folder\Master-Server\TEXI\yatree-backend\node_modules\express\lib\router\layer.js:95:5)
    at next (E:\New folder\Master-Server\TEXI\yatree-backend\node_modules\express\lib\router\route.js:149:13)
[2026-09-07T08:11:27.671Z] DEBUG: getAllVehicles - Query: {"$or":[{"company":"698ac8b01587e01651a49443"},{"company":"698ac8b01587e01651a49443"}],"isOutsideCar":{"$ne":true},"company":"698ac8b01587e01651a49443","status":"active"}
[2026-09-07T08:11:27.707Z] GLOBAL_ERROR: Not Found - /api/leads/company/698ac8b01587e01651a49443 - Stack: Error: Not Found - /api/leads/company/698ac8b01587e01651a49443
    at notFound (E:\New folder\Master-Server\TEXI\yatree-backend\src\middleware\errorMiddleware.js:2:19)
    at Layer.handle [as handle_request] (E:\New folder\Master-Server\TEXI\yatree-backend\node_modules\express\lib\router\layer.js:95:5)
    at trim_prefix (E:\New folder\Master-Server\TEXI\yatree-backend\node_modules\express\lib\router\index.js:328:13)
    at E:\New folder\Master-Server\TEXI\yatree-backend\node_modules\express\lib\router\index.js:286:9
    at Function.process_params (E:\New folder\Master-Server\TEXI\yatree-backend\node_modules\express\lib\router\index.js:346:12)
    at next (E:\New folder\Master-Server\TEXI\yatree-backend\node_modules\express\lib\router\index.js:280:10)
    at next (E:\New folder\Master-Server\TEXI\yatree-backend\node_modules\express\lib\router\route.js:141:14)
    at E:\New folder\Master-Server\TEXI\yatree-backend\src\app.js:127:16
    at Layer.handle [as handle_request] (E:\New folder\Master-Server\TEXI\yatree-backend\node_modules\express\lib\router\layer.js:95:5)
    at next (E:\New folder\Master-Server\TEXI\yatree-backend\node_modules\express\lib\router\route.js:149:13)
[2026-09-07T08:18:38.498Z] CRON: Cron Jobs Initialized
[2026-09-07T08:18:54.967Z] CRON: Cron Jobs Initialized
[2026-09-07T08:19:02.909Z] CRON: Cron Jobs Initialized
[2026-09-07T08:19:09.693Z] CRON: Cron Jobs Initialized
[2026-09-07T08:25:32.374Z] CRON: Cron Jobs Initialized
[2026-09-07T08:26:51.695Z] CRON: Cron Jobs Initialized
[2026-09-07T08:29:50.845Z] CRON: Cron Jobs Initialized
[2026-09-07T08:30:18.524Z] DEBUG: getAllVehicles - Query: {"$or":[{"company":"698ac8b01587e01651a49443"},{"company":"698ac8b01587e01651a49443"}],"isOutsideCar":{"$ne":true},"company":"698ac8b01587e01651a49443","status":"active"}
[2026-09-07T08:30:18.536Z] GLOBAL_ERROR: Not Found - /api/leads/company/698ac8b01587e01651a49443 - Stack: Error: Not Found - /api/leads/company/698ac8b01587e01651a49443
    at notFound (E:\New folder\Master-Server\TEXI\yatree-backend\src\middleware\errorMiddleware.js:2:19)
    at Layer.handle [as handle_request] (E:\New folder\Master-Server\TEXI\yatree-backend\node_modules\express\lib\router\layer.js:95:5)
    at trim_prefix (E:\New folder\Master-Server\TEXI\yatree-backend\node_modules\express\lib\router\index.js:328:13)
    at E:\New folder\Master-Server\TEXI\yatree-backend\node_modules\express\lib\router\index.js:286:9
    at Function.process_params (E:\New folder\Master-Server\TEXI\yatree-backend\node_modules\express\lib\router\index.js:346:12)
    at next (E:\New folder\Master-Server\TEXI\yatree-backend\node_modules\express\lib\router\index.js:280:10)
    at next (E:\New folder\Master-Server\TEXI\yatree-backend\node_modules\express\lib\router\route.js:141:14)
    at E:\New folder\Master-Server\TEXI\yatree-backend\src\app.js:129:16
    at Layer.handle [as handle_request] (E:\New folder\Master-Server\TEXI\yatree-backend\node_modules\express\lib\router\layer.js:95:5)
    at next (E:\New folder\Master-Server\TEXI\yatree-backend\node_modules\express\lib\router\route.js:149:13)
[2026-09-07T08:31:17.305Z] CRON: Cron Jobs Initialized
[2026-09-07T08:31:23.253Z] CRON: Cron Jobs Initialized
[2026-09-07T08:31:32.457Z] CRON: Cron Jobs Initialized
[2026-09-07T08:31:40.266Z] CRON: Cron Jobs Initialized
[2026-09-07T08:32:32.879Z] CRON: Cron Jobs Initialized
[2026-09-07T08:33:09.598Z] DEBUG: getAllVehicles - Query: {"$or":[{"company":"698ac8b01587e01651a49443"},{"company":"698ac8b01587e01651a49443"}],"isOutsideCar":{"$ne":true},"company":"698ac8b01587e01651a49443","status":"active"}
[2026-09-07T08:35:12.764Z] DEBUG: getAllVehicles - Query: {"$or":[{"company":"698ac8b01587e01651a49443"},{"company":"698ac8b01587e01651a49443"}],"isOutsideCar":{"$ne":true},"company":"698ac8b01587e01651a49443","status":"active"}
[2026-09-07T08:36:21.570Z] DEBUG: getAllVehicles - Query: {"$or":[{"company":"698ac8b01587e01651a49443"},{"company":"698ac8b01587e01651a49443"}],"isOutsideCar":{"$ne":true},"company":"698ac8b01587e01651a49443","status":"active"}
[2026-09-07T08:37:36.489Z] DEBUG: getAllVehicles - Query: {"$or":[{"company":"698ac8b01587e01651a49443"},{"company":"698ac8b01587e01651a49443"}],"isOutsideCar":{"$ne":true},"company":"698ac8b01587e01651a49443","status":"active"}
[2026-09-07T08:37:55.417Z] DEBUG: getAllVehicles - Query: {"$or":[{"company":"698ac8b01587e01651a49443"},{"company":"698ac8b01587e01651a49443"}],"isOutsideCar":{"$ne":true},"company":"698ac8b01587e01651a49443","status":"active"}
[2026-09-07T08:40:08.983Z] DEBUG: getAllVehicles - Query: {"$or":[{"company":"698ac8b01587e01651a49443"},{"company":"698ac8b01587e01651a49443"}],"isOutsideCar":{"$ne":true},"company":"698ac8b01587e01651a49443","status":"active"}
[2026-09-07T08:40:13.800Z] DEBUG: getAllVehicles - Query: {"$or":[{"company":"698ac8b01587e01651a49443"},{"company":"698ac8b01587e01651a49443"}],"isOutsideCar":{"$ne":true},"company":"698ac8b01587e01651a49443","status":"active"}
