Testing Gemini API Key...
Using Key: AIzaSyDSzx...
node : Test Failed! 
[GoogleGenerativeAI Error]: Error 
fetching from https://generativelangua
ge.googleapis.com/v1beta/models/gemini
-1.5-flash:generateContent: [404 Not 
Found] models/gemini-1.5-flash is not 
found for API version v1beta, or is 
not supported for generateContent. 
Call ListModels to see the list of 
available models and their supported 
methods.
At line:1 char:1
+ node test_ai.js 2>&1 | Out-File 
-FilePath test_output.txt ; cat test_ 
...
+ ~~~~~~~~~~~~~~~~~~~~
    + CategoryInfo          : NotSpec 
   ified: (Test Failed! [G...ported   
  methods.:String) [], RemoteExcept   
 ion
    + FullyQualifiedErrorId : NativeC 
   ommandError
 
